---
http_interactions:
- request:
    method: put
    uri: http://backend:5352/source/home:Iggy/_meta?user=Iggy
    body:
      encoding: UTF-8
      string: |
        <project name="home:Iggy">
          <title/>
          <description/>
          <person userid="Iggy" role="maintainer"/>
        </project>
    headers:
      Accept-Encoding:
      - gzip;q=1.0,deflate;q=0.6,identity;q=0.3
      Accept:
      - "*/*"
      User-Agent:
      - Ruby
  response:
    status:
      code: 200
      message: OK
    headers:
      Content-Type:
      - text/xml
      Cache-Control:
      - no-cache
      Connection:
      - close
      Content-Length:
      - '130'
    body:
      encoding: UTF-8
      string: |
        <project name="home:Iggy">
          <title></title>
          <description></description>
          <person userid="Iggy" role="maintainer"/>
        </project>
  recorded_at: Tue, 10 Jan 2023 17:14:57 GMT
- request:
    method: put
    uri: http://backend:5352/source/foo_scm_synced_project/_meta?user=user_9
    body:
      encoding: UTF-8
      string: |
        <project name="foo_scm_synced_project">
          <title>Dance Dance Dance</title>
          <description/>
          <person userid="Iggy" role="maintainer"/>
        </project>
    headers:
      Accept-Encoding:
      - gzip;q=1.0,deflate;q=0.6,identity;q=0.3
      Accept:
      - "*/*"
      User-Agent:
      - Ruby
  response:
    status:
      code: 200
      message: OK
    headers:
      Content-Type:
      - text/xml
      Cache-Control:
      - no-cache
      Connection:
      - close
      Content-Length:
      - '160'
    body:
      encoding: UTF-8
      string: |
        <project name="foo_scm_synced_project">
          <title>Dance Dance Dance</title>
          <description></description>
          <person userid="Iggy" role="maintainer"/>
        </project>
  recorded_at: Tue, 10 Jan 2023 17:14:57 GMT
- request:
    method: put
    uri: http://backend:5352/source/foo_scm_synced_project/bar_scm_synced_package/_meta?user=user_10
    body:
      encoding: UTF-8
      string: |
        <package name="bar_scm_synced_package" project="foo_scm_synced_project">
          <title>Look Homeward, Angel</title>
          <description>Dolor quae doloribus aut.</description>
        </package>
    headers:
      Accept-Encoding:
      - gzip;q=1.0,deflate;q=0.6,identity;q=0.3
      Accept:
      - "*/*"
      User-Agent:
      - Ruby
  response:
    status:
      code: 200
      message: OK
    headers:
      Content-Type:
      - text/xml
      Cache-Control:
      - no-cache
      Connection:
      - close
      Content-Length:
      - '177'
    body:
      encoding: UTF-8
      string: |
        <package name="bar_scm_synced_package" project="foo_scm_synced_project">
          <title>Look Homeward, Angel</title>
          <description>Dolor quae doloribus aut.</description>
        </package>
  recorded_at: Tue, 10 Jan 2023 17:14:57 GMT
- request:
    method: put
    uri: http://backend:5352/source/foo_scm_synced_project/bar_scm_synced_package/_config
    body:
      encoding: UTF-8
      string: Rerum reprehenderit voluptatem. Qui quis excepturi. Corporis tempora
        deserunt.
    headers:
      Accept-Encoding:
      - gzip;q=1.0,deflate;q=0.6,identity;q=0.3
      Accept:
      - "*/*"
      User-Agent:
      - Ruby
  response:
    status:
      code: 200
      message: OK
    headers:
      Content-Type:
      - text/xml
      Cache-Control:
      - no-cache
      Connection:
      - close
      Content-Length:
      - '207'
    body:
      encoding: UTF-8
      string: |
        <revision rev="3" vrev="3">
          <srcmd5>cae1cc083fd9cd648ed7ea8d4431924d</srcmd5>
          <version>unknown</version>
          <time>1673370897</time>
          <user>unknown</user>
          <comment></comment>
          <requestid/>
        </revision>
  recorded_at: Tue, 10 Jan 2023 17:14:57 GMT
- request:
    method: put
    uri: http://backend:5352/source/foo_scm_synced_project/bar_scm_synced_package/somefile.txt
    body:
      encoding: UTF-8
      string: Aliquam non quae. Quo repellendus repellat. Possimus quaerat velit.
    headers:
      Accept-Encoding:
      - gzip;q=1.0,deflate;q=0.6,identity;q=0.3
      Accept:
      - "*/*"
      User-Agent:
      - Ruby
  response:
    status:
      code: 200
      message: OK
    headers:
      Content-Type:
      - text/xml
      Cache-Control:
      - no-cache
      Connection:
      - close
      Content-Length:
      - '207'
    body:
      encoding: UTF-8
      string: |
        <revision rev="4" vrev="4">
          <srcmd5>d6120d8941e1ddd733644f3e2cec7e3b</srcmd5>
          <version>unknown</version>
          <time>1673370897</time>
          <user>unknown</user>
          <comment></comment>
          <requestid/>
        </revision>
  recorded_at: Tue, 10 Jan 2023 17:14:57 GMT
- request:
    method: put
    uri: http://backend:5352/source/home:Iggy:openSUSE:open-build-service:PR-1/_meta?user=Iggy
    body:
      encoding: UTF-8
      string: |
        <project name="home:Iggy:openSUSE:open-build-service:PR-1">
          <title/>
          <description/>
          <person userid="Iggy" role="maintainer"/>
        </project>
    headers:
      Accept-Encoding:
      - gzip;q=1.0,deflate;q=0.6,identity;q=0.3
      Accept:
      - "*/*"
      User-Agent:
      - Ruby
  response:
    status:
      code: 200
      message: OK
    headers:
      Content-Type:
      - text/xml
      Cache-Control:
      - no-cache
      Connection:
      - close
      Content-Length:
      - '163'
    body:
      encoding: UTF-8
      string: |
        <project name="home:Iggy:openSUSE:open-build-service:PR-1">
          <title></title>
          <description></description>
          <person userid="Iggy" role="maintainer"/>
        </project>
  recorded_at: Tue, 10 Jan 2023 17:14:57 GMT
- request:
    method: put
    uri: http://backend:5352/source/home:Iggy:openSUSE:open-build-service:PR-1/bar_scm_synced_package/_meta?user=Iggy
    body:
      encoding: UTF-8
      string: |
        <package name="bar_scm_synced_package" project="home:Iggy:openSUSE:open-build-service:PR-1">
          <title/>
          <description/>
        </package>
    headers:
      Accept-Encoding:
      - gzip;q=1.0,deflate;q=0.6,identity;q=0.3
      Accept:
      - "*/*"
      User-Agent:
      - Ruby
  response:
    status:
      code: 200
      message: OK
    headers:
      Content-Type:
      - text/xml
      Cache-Control:
      - no-cache
      Connection:
      - close
      Content-Length:
      - '152'
    body:
      encoding: UTF-8
      string: |
        <package name="bar_scm_synced_package" project="home:Iggy:openSUSE:open-build-service:PR-1">
          <title></title>
          <description></description>
        </package>
  recorded_at: Tue, 10 Jan 2023 17:14:57 GMT
- request:
    method: put
    uri: http://backend:5352/source/home:Iggy:openSUSE:open-build-service:PR-1/bar_scm_synced_package/_meta?user=Iggy
    body:
      encoding: UTF-8
      string: |
        <package name="bar_scm_synced_package" project="home:Iggy:openSUSE:open-build-service:PR-1">
          <title/>
          <description/>
          <scmsync>https://github.com/krauselukas/test_scmsync.git?subdir=bar_scm_synced_package#123</scmsync>
        </package>
    headers:
      Accept-Encoding:
      - gzip;q=1.0,deflate;q=0.6,identity;q=0.3
      Accept:
      - "*/*"
      User-Agent:
      - Ruby
  response:
    status:
      code: 200
      message: OK
    headers:
      Content-Type:
      - text/xml
      Cache-Control:
      - no-cache
      Connection:
      - close
      Content-Length:
      - '255'
    body:
      encoding: UTF-8
      string: |
        <package name="bar_scm_synced_package" project="home:Iggy:openSUSE:open-build-service:PR-1">
          <title></title>
          <description></description>
          <scmsync>https://github.com/krauselukas/test_scmsync.git?subdir=bar_scm_synced_package#123</scmsync>
        </package>
  recorded_at: Tue, 10 Jan 2023 17:14:57 GMT
- request:
    method: get
    uri: http://backend:5352/source/home:Iggy:openSUSE:open-build-service:PR-1/bar_scm_synced_package/_branch_request
    body:
      encoding: US-ASCII
      string: ''
    headers:
      Accept-Encoding:
      - gzip;q=1.0,deflate;q=0.6,identity;q=0.3
      Accept:
      - "*/*"
      User-Agent:
      - Ruby
  response:
    status:
      code: 404
      message: _branch_request  no such file
    headers:
      Content-Type:
      - text/xml
      Cache-Control:
      - no-cache
      Connection:
      - close
      Content-Length:
      - '136'
    body:
      encoding: UTF-8
      string: |
        <status code="404">
          <summary>_branch_request: no such file</summary>
          <details>404 _branch_request: no such file</details>
        </status>
  recorded_at: Tue, 10 Jan 2023 17:14:57 GMT
recorded_with: VCR 6.1.0
