---
http_interactions:
- request:
    method: put
    uri: http://backend:5352/source/home:madam_submitter/_meta?user=madam_submitter
    body:
      encoding: UTF-8
      string: |
        <project name="home:madam_submitter">
          <title/>
          <description/>
          <person userid="madam_submitter" role="maintainer"/>
        </project>
    headers:
      Accept-Encoding:
      - gzip;q=1.0,deflate;q=0.6,identity;q=0.3
      Accept:
      - "*/*"
      User-Agent:
      - Ruby
  response:
    status:
      code: 200
      message: OK
    headers:
      Content-Type:
      - text/xml
      Cache-Control:
      - no-cache
      Connection:
      - close
      Content-Length:
      - '152'
    body:
      encoding: UTF-8
      string: |
        <project name="home:madam_submitter">
          <title></title>
          <description></description>
          <person userid="madam_submitter" role="maintainer"/>
        </project>
  recorded_at: Thu, 03 Nov 2022 09:58:53 GMT
- request:
    method: put
    uri: http://backend:5352/source/home:madam_submitter/Quebec/_meta?user=madam_submitter
    body:
      encoding: UTF-8
      string: |
        <package name="Quebec" project="home:madam_submitter">
          <title>A Darkling Plain</title>
          <description>Consectetur doloremque ad reiciendis.</description>
        </package>
    headers:
      Accept-Encoding:
      - gzip;q=1.0,deflate;q=0.6,identity;q=0.3
      Accept:
      - "*/*"
      User-Agent:
      - Ruby
  response:
    status:
      code: 200
      message: OK
    headers:
      Content-Type:
      - text/xml
      Cache-Control:
      - no-cache
      Connection:
      - close
      Content-Length:
      - '167'
    body:
      encoding: UTF-8
      string: |
        <package name="Quebec" project="home:madam_submitter">
          <title>A Darkling Plain</title>
          <description>Consectetur doloremque ad reiciendis.</description>
        </package>
  recorded_at: Thu, 03 Nov 2022 09:58:58 GMT
- request:
    method: put
    uri: http://backend:5352/source/home:madam_submitter/Quebec/_config
    body:
      encoding: UTF-8
      string: Exercitationem voluptatem necessitatibus. Autem facere dolor. Adipisci
        est quasi.
    headers:
      Accept-Encoding:
      - gzip;q=1.0,deflate;q=0.6,identity;q=0.3
      Accept:
      - "*/*"
      User-Agent:
      - Ruby
  response:
    status:
      code: 200
      message: OK
    headers:
      Content-Type:
      - text/xml
      Cache-Control:
      - no-cache
      Connection:
      - close
      Content-Length:
      - '207'
    body:
      encoding: UTF-8
      string: |
        <revision rev="1" vrev="1">
          <srcmd5>675f87f995b3d007d0257b45ed4a7c19</srcmd5>
          <version>unknown</version>
          <time>1667469538</time>
          <user>unknown</user>
          <comment></comment>
          <requestid/>
        </revision>
  recorded_at: Thu, 03 Nov 2022 09:58:58 GMT
- request:
    method: put
    uri: http://backend:5352/source/home:madam_submitter/Quebec/somefile.txt
    body:
      encoding: UTF-8
      string: Nihil in soluta. Iure dolorem aut. Cumque itaque est.
    headers:
      Accept-Encoding:
      - gzip;q=1.0,deflate;q=0.6,identity;q=0.3
      Accept:
      - "*/*"
      User-Agent:
      - Ruby
  response:
    status:
      code: 200
      message: OK
    headers:
      Content-Type:
      - text/xml
      Cache-Control:
      - no-cache
      Connection:
      - close
      Content-Length:
      - '207'
    body:
      encoding: UTF-8
      string: |
        <revision rev="2" vrev="2">
          <srcmd5>ddd3491d11bfccb6d4a5ded8d29c8e0f</srcmd5>
          <version>unknown</version>
          <time>1667469538</time>
          <user>unknown</user>
          <comment></comment>
          <requestid/>
        </revision>
  recorded_at: Thu, 03 Nov 2022 09:58:58 GMT
- request:
    method: get
    uri: http://backend:5352/source/home:madam_submitter/Quebec
    body:
      encoding: US-ASCII
      string: ''
    headers:
      X-Request-Id:
      - ca0a8250-92ef-4ccc-9eef-3485f3c38ec1
      Accept-Encoding:
      - gzip;q=1.0,deflate;q=0.6,identity;q=0.3
      Accept:
      - "*/*"
      User-Agent:
      - Ruby
  response:
    status:
      code: 200
      message: OK
    headers:
      Content-Type:
      - text/xml
      Cache-Control:
      - no-cache
      Connection:
      - close
      Content-Length:
      - '291'
    body:
      encoding: UTF-8
      string: |
        <directory name="Quebec" rev="2" vrev="2" srcmd5="ddd3491d11bfccb6d4a5ded8d29c8e0f">
          <entry name="_config" md5="697c34abeaacf5a27e0cefcdffb665b9" size="81" mtime="1667469538"/>
          <entry name="somefile.txt" md5="0e2d53ce1b91d5c94cc75003fb5c4ebd" size="53" mtime="1667469538"/>
        </directory>
  recorded_at: Thu, 03 Nov 2022 09:58:59 GMT
- request:
    method: get
    uri: http://backend:5352/source/home:madam_submitter/Quebec?expand=1&rev=2
    body:
      encoding: US-ASCII
      string: ''
    headers:
      Accept-Encoding:
      - gzip;q=1.0,deflate;q=0.6,identity;q=0.3
      Accept:
      - "*/*"
      User-Agent:
      - Ruby
  response:
    status:
      code: 200
      message: OK
    headers:
      Content-Type:
      - text/xml
      Cache-Control:
      - no-cache
      Connection:
      - close
      Content-Length:
      - '291'
    body:
      encoding: UTF-8
      string: |
        <directory name="Quebec" rev="2" vrev="2" srcmd5="ddd3491d11bfccb6d4a5ded8d29c8e0f">
          <entry name="_config" md5="697c34abeaacf5a27e0cefcdffb665b9" size="81" mtime="1667469538"/>
          <entry name="somefile.txt" md5="0e2d53ce1b91d5c94cc75003fb5c4ebd" size="53" mtime="1667469538"/>
        </directory>
  recorded_at: Thu, 03 Nov 2022 09:58:59 GMT
- request:
    method: get
    uri: http://backend:5352/source/home:madam_submitter/Quebec
    body:
      encoding: US-ASCII
      string: ''
    headers:
      X-Request-Id:
      - ca0a8250-92ef-4ccc-9eef-3485f3c38ec1
      Accept-Encoding:
      - gzip;q=1.0,deflate;q=0.6,identity;q=0.3
      Accept:
      - "*/*"
      User-Agent:
      - Ruby
  response:
    status:
      code: 200
      message: OK
    headers:
      Content-Type:
      - text/xml
      Cache-Control:
      - no-cache
      Connection:
      - close
      Content-Length:
      - '291'
    body:
      encoding: UTF-8
      string: |
        <directory name="Quebec" rev="2" vrev="2" srcmd5="ddd3491d11bfccb6d4a5ded8d29c8e0f">
          <entry name="_config" md5="697c34abeaacf5a27e0cefcdffb665b9" size="81" mtime="1667469538"/>
          <entry name="somefile.txt" md5="0e2d53ce1b91d5c94cc75003fb5c4ebd" size="53" mtime="1667469538"/>
        </directory>
  recorded_at: Thu, 03 Nov 2022 09:58:59 GMT
- request:
    method: get
    uri: http://backend:5352/source/home:madam_submitter/Quebec
    body:
      encoding: US-ASCII
      string: ''
    headers:
      X-Request-Id:
      - ca0a8250-92ef-4ccc-9eef-3485f3c38ec1
      Accept-Encoding:
      - gzip;q=1.0,deflate;q=0.6,identity;q=0.3
      Accept:
      - "*/*"
      User-Agent:
      - Ruby
  response:
    status:
      code: 200
      message: OK
    headers:
      Content-Type:
      - text/xml
      Cache-Control:
      - no-cache
      Connection:
      - close
      Content-Length:
      - '291'
    body:
      encoding: UTF-8
      string: |
        <directory name="Quebec" rev="2" vrev="2" srcmd5="ddd3491d11bfccb6d4a5ded8d29c8e0f">
          <entry name="_config" md5="697c34abeaacf5a27e0cefcdffb665b9" size="81" mtime="1667469538"/>
          <entry name="somefile.txt" md5="0e2d53ce1b91d5c94cc75003fb5c4ebd" size="53" mtime="1667469538"/>
        </directory>
  recorded_at: Thu, 03 Nov 2022 09:58:59 GMT
- request:
    method: get
    uri: http://backend:5352/source/home:madam_submitter/Quebec/_history
    body:
      encoding: US-ASCII
      string: ''
    headers:
      Accept-Encoding:
      - gzip;q=1.0,deflate;q=0.6,identity;q=0.3
      Accept:
      - "*/*"
      User-Agent:
      - Ruby
  response:
    status:
      code: 200
      message: OK
    headers:
      Content-Type:
      - text/xml
      Cache-Control:
      - no-cache
      Connection:
      - close
      Content-Length:
      - '395'
    body:
      encoding: UTF-8
      string: |
        <revisionlist>
          <revision rev="1" vrev="1">
            <srcmd5>675f87f995b3d007d0257b45ed4a7c19</srcmd5>
            <version>unknown</version>
            <time>1667469538</time>
            <user>unknown</user>
          </revision>
          <revision rev="2" vrev="2">
            <srcmd5>ddd3491d11bfccb6d4a5ded8d29c8e0f</srcmd5>
            <version>unknown</version>
            <time>1667469538</time>
            <user>unknown</user>
          </revision>
        </revisionlist>
  recorded_at: Thu, 03 Nov 2022 09:58:59 GMT
- request:
    method: get
    uri: http://backend:5352/source/home:madam_submitter/Quebec
    body:
      encoding: US-ASCII
      string: ''
    headers:
      X-Request-Id:
      - b80106f7-f8bf-4292-93dc-c680f1f28d0d
      Accept-Encoding:
      - gzip;q=1.0,deflate;q=0.6,identity;q=0.3
      Accept:
      - "*/*"
      User-Agent:
      - Ruby
  response:
    status:
      code: 200
      message: OK
    headers:
      Content-Type:
      - text/xml
      Cache-Control:
      - no-cache
      Connection:
      - close
      Content-Length:
      - '291'
    body:
      encoding: UTF-8
      string: |
        <directory name="Quebec" rev="2" vrev="2" srcmd5="ddd3491d11bfccb6d4a5ded8d29c8e0f">
          <entry name="_config" md5="697c34abeaacf5a27e0cefcdffb665b9" size="81" mtime="1667469538"/>
          <entry name="somefile.txt" md5="0e2d53ce1b91d5c94cc75003fb5c4ebd" size="53" mtime="1667469538"/>
        </directory>
  recorded_at: Thu, 03 Nov 2022 09:58:59 GMT
- request:
    method: get
    uri: http://backend:5352/build/home:madam_submitter/_result?lastbuild=1&locallink=1&multibuild=1&package=Quebec&view=status
    body:
      encoding: US-ASCII
      string: ''
    headers:
      X-Request-Id:
      - b80106f7-f8bf-4292-93dc-c680f1f28d0d
      Accept-Encoding:
      - gzip;q=1.0,deflate;q=0.6,identity;q=0.3
      Accept:
      - "*/*"
      User-Agent:
      - Ruby
  response:
    status:
      code: 200
      message: OK
    headers:
      Content-Type:
      - text/xml
      Cache-Control:
      - no-cache
      Connection:
      - close
      Content-Length:
      - '55'
    body:
      encoding: UTF-8
      string: '<resultlist state="00000000000000000000000000000000"/>

'
  recorded_at: Thu, 03 Nov 2022 09:58:59 GMT
- request:
    method: get
    uri: http://backend:5352/source/home:madam_submitter/Quebec
    body:
      encoding: US-ASCII
      string: ''
    headers:
      X-Request-Id:
      - dcef4fbb-6ca9-4845-8fda-54c02a61082f
      Accept-Encoding:
      - gzip;q=1.0,deflate;q=0.6,identity;q=0.3
      Accept:
      - "*/*"
      User-Agent:
      - Ruby
  response:
    status:
      code: 200
      message: OK
    headers:
      Content-Type:
      - text/xml
      Cache-Control:
      - no-cache
      Connection:
      - close
      Content-Length:
      - '291'
    body:
      encoding: UTF-8
      string: |
        <directory name="Quebec" rev="2" vrev="2" srcmd5="ddd3491d11bfccb6d4a5ded8d29c8e0f">
          <entry name="_config" md5="697c34abeaacf5a27e0cefcdffb665b9" size="81" mtime="1667469538"/>
          <entry name="somefile.txt" md5="0e2d53ce1b91d5c94cc75003fb5c4ebd" size="53" mtime="1667469538"/>
        </directory>
  recorded_at: Thu, 03 Nov 2022 09:58:59 GMT
- request:
    method: get
    uri: http://backend:5352/build/home:madam_submitter/_result?lastbuild=1&locallink=1&multibuild=1&package=Quebec&view=status
    body:
      encoding: US-ASCII
      string: ''
    headers:
      X-Request-Id:
      - dcef4fbb-6ca9-4845-8fda-54c02a61082f
      Accept-Encoding:
      - gzip;q=1.0,deflate;q=0.6,identity;q=0.3
      Accept:
      - "*/*"
      User-Agent:
      - Ruby
  response:
    status:
      code: 200
      message: OK
    headers:
      Content-Type:
      - text/xml
      Cache-Control:
      - no-cache
      Connection:
      - close
      Content-Length:
      - '55'
    body:
      encoding: UTF-8
      string: '<resultlist state="00000000000000000000000000000000"/>

'
  recorded_at: Thu, 03 Nov 2022 09:58:59 GMT
- request:
    method: get
    uri: http://backend:5352/build/home:madam_submitter/_result?package=Quebec&view=status
    body:
      encoding: US-ASCII
      string: ''
    headers:
      X-Request-Id:
      - '0830bb77-6cde-41a8-b0dd-486a7e3cb214'
      Accept-Encoding:
      - gzip;q=1.0,deflate;q=0.6,identity;q=0.3
      Accept:
      - "*/*"
      User-Agent:
      - Ruby
  response:
    status:
      code: 200
      message: OK
    headers:
      Content-Type:
      - text/xml
      Cache-Control:
      - no-cache
      Connection:
      - close
      Content-Length:
      - '55'
    body:
      encoding: UTF-8
      string: '<resultlist state="00000000000000000000000000000000"/>

'
  recorded_at: Thu, 03 Nov 2022 09:58:59 GMT
- request:
    method: get
    uri: http://backend:5352/source/home:madam_submitter/Quebec?view=info
    body:
      encoding: US-ASCII
      string: ''
    headers:
      X-Request-Id:
      - d9bb7d2c-c304-4487-9321-8c13c3a2492d
      Accept-Encoding:
      - gzip;q=1.0,deflate;q=0.6,identity;q=0.3
      Accept:
      - "*/*"
      User-Agent:
      - Ruby
  response:
    status:
      code: 200
      message: OK
    headers:
      Content-Type:
      - text/xml
      Cache-Control:
      - no-cache
      Connection:
      - close
      Content-Length:
      - '224'
    body:
      encoding: UTF-8
      string: |
        <sourceinfo package="Quebec" rev="2" vrev="2" srcmd5="ddd3491d11bfccb6d4a5ded8d29c8e0f" verifymd5="ddd3491d11bfccb6d4a5ded8d29c8e0f">
          <error>bad build configuration, no build type defined or detected</error>
        </sourceinfo>
  recorded_at: Thu, 03 Nov 2022 09:59:00 GMT
- request:
    method: get
    uri: http://backend:5352/source/home:madam_submitter/Quebec
    body:
      encoding: US-ASCII
      string: ''
    headers:
      X-Request-Id:
      - d9bb7d2c-c304-4487-9321-8c13c3a2492d
      Accept-Encoding:
      - gzip;q=1.0,deflate;q=0.6,identity;q=0.3
      Accept:
      - "*/*"
      User-Agent:
      - Ruby
  response:
    status:
      code: 200
      message: OK
    headers:
      Content-Type:
      - text/xml
      Cache-Control:
      - no-cache
      Connection:
      - close
      Content-Length:
      - '291'
    body:
      encoding: UTF-8
      string: |
        <directory name="Quebec" rev="2" vrev="2" srcmd5="ddd3491d11bfccb6d4a5ded8d29c8e0f">
          <entry name="_config" md5="697c34abeaacf5a27e0cefcdffb665b9" size="81" mtime="1667469538"/>
          <entry name="somefile.txt" md5="0e2d53ce1b91d5c94cc75003fb5c4ebd" size="53" mtime="1667469538"/>
        </directory>
  recorded_at: Thu, 03 Nov 2022 09:59:00 GMT
- request:
    method: post
    uri: http://backend:5352/source/home:madam_submitter/Quebec?cmd=diff&linkrev=base&onlyissues=1&orev=0&view=xml
    body:
      encoding: UTF-8
      string: ''
    headers:
      Content-Type:
      - application/octet-stream
      Accept-Encoding:
      - gzip;q=1.0,deflate;q=0.6,identity;q=0.3
      Accept:
      - "*/*"
      User-Agent:
      - Ruby
  response:
    status:
      code: 200
      message: OK
    headers:
      Content-Type:
      - text/xml
      Cache-Control:
      - no-cache
      Connection:
      - close
      Content-Length:
      - '314'
    body:
      encoding: UTF-8
      string: |
        <sourcediff key="6a2f3c4ad110769f30cc57d1ae982f34">
          <old project="home:madam_submitter" package="Quebec" rev="0" srcmd5="d41d8cd98f00b204e9800998ecf8427e"/>
          <new project="home:madam_submitter" package="Quebec" rev="2" srcmd5="ddd3491d11bfccb6d4a5ded8d29c8e0f"/>
          <files/>
          <issues>
          </issues>
        </sourcediff>
  recorded_at: Thu, 03 Nov 2022 09:59:00 GMT
- request:
    method: put
    uri: http://backend:5352/source/home:mr_receiver/_meta?user=mr_receiver
    body:
      encoding: UTF-8
      string: |
        <project name="home:mr_receiver">
          <title/>
          <description/>
          <person userid="mr_receiver" role="maintainer"/>
        </project>
    headers:
      Accept-Encoding:
      - gzip;q=1.0,deflate;q=0.6,identity;q=0.3
      Accept:
      - "*/*"
      User-Agent:
      - Ruby
  response:
    status:
      code: 200
      message: OK
    headers:
      Content-Type:
      - text/xml
      Cache-Control:
      - no-cache
      Connection:
      - close
      Content-Length:
      - '144'
    body:
      encoding: UTF-8
      string: |
        <project name="home:mr_receiver">
          <title></title>
          <description></description>
          <person userid="mr_receiver" role="maintainer"/>
        </project>
  recorded_at: Thu, 03 Nov 2022 09:59:00 GMT
- request:
    method: put
    uri: http://backend:5352/source/home:mr_receiver/Quebec/_meta?user=madam_submitter
    body:
      encoding: UTF-8
      string: |
        <package name="Quebec" project="home:mr_receiver">
          <title>The Last Temptation</title>
          <description>Ut et ut odio.</description>
        </package>
    headers:
      Accept-Encoding:
      - gzip;q=1.0,deflate;q=0.6,identity;q=0.3
      Accept:
      - "*/*"
      User-Agent:
      - Ruby
  response:
    status:
      code: 200
      message: OK
    headers:
      Content-Type:
      - text/xml
      Cache-Control:
      - no-cache
      Connection:
      - close
      Content-Length:
      - '143'
    body:
      encoding: UTF-8
      string: |
        <package name="Quebec" project="home:mr_receiver">
          <title>The Last Temptation</title>
          <description>Ut et ut odio.</description>
        </package>
  recorded_at: Thu, 03 Nov 2022 09:59:00 GMT
- request:
    method: put
    uri: http://backend:5352/source/home:mr_receiver/Quebec/_config
    body:
      encoding: UTF-8
      string: Voluptatibus et ipsam. Ipsa praesentium ut. Autem molestiae praesentium.
    headers:
      Accept-Encoding:
      - gzip;q=1.0,deflate;q=0.6,identity;q=0.3
      Accept:
      - "*/*"
      User-Agent:
      - Ruby
  response:
    status:
      code: 200
      message: OK
    headers:
      Content-Type:
      - text/xml
      Cache-Control:
      - no-cache
      Connection:
      - close
      Content-Length:
      - '207'
    body:
      encoding: UTF-8
      string: |
        <revision rev="1" vrev="1">
          <srcmd5>026be02754a4c698088212d3baea1d46</srcmd5>
          <version>unknown</version>
          <time>1667469540</time>
          <user>unknown</user>
          <comment></comment>
          <requestid/>
        </revision>
  recorded_at: Thu, 03 Nov 2022 09:59:00 GMT
- request:
    method: put
    uri: http://backend:5352/source/home:mr_receiver/Quebec/somefile.txt
    body:
      encoding: UTF-8
      string: Atque vero corrupti. Sequi animi harum. Unde ullam aspernatur.
    headers:
      Accept-Encoding:
      - gzip;q=1.0,deflate;q=0.6,identity;q=0.3
      Accept:
      - "*/*"
      User-Agent:
      - Ruby
  response:
    status:
      code: 200
      message: OK
    headers:
      Content-Type:
      - text/xml
      Cache-Control:
      - no-cache
      Connection:
      - close
      Content-Length:
      - '207'
    body:
      encoding: UTF-8
      string: |
        <revision rev="2" vrev="2">
          <srcmd5>084c2d00f44e4f61962ce65dc2d12103</srcmd5>
          <version>unknown</version>
          <time>1667469540</time>
          <user>unknown</user>
          <comment></comment>
          <requestid/>
        </revision>
  recorded_at: Thu, 03 Nov 2022 09:59:00 GMT
- request:
    method: get
    uri: http://backend:5352/source/home:madam_submitter/Quebec
    body:
      encoding: US-ASCII
      string: ''
    headers:
      X-Request-Id:
      - c0946535-a27a-4cd9-8a25-7c27592c4ee3
      Accept-Encoding:
      - gzip;q=1.0,deflate;q=0.6,identity;q=0.3
      Accept:
      - "*/*"
      User-Agent:
      - Ruby
  response:
    status:
      code: 200
      message: OK
    headers:
      Content-Type:
      - text/xml
      Cache-Control:
      - no-cache
      Connection:
      - close
      Content-Length:
      - '291'
    body:
      encoding: UTF-8
      string: |
        <directory name="Quebec" rev="2" vrev="2" srcmd5="ddd3491d11bfccb6d4a5ded8d29c8e0f">
          <entry name="_config" md5="697c34abeaacf5a27e0cefcdffb665b9" size="81" mtime="1667469538"/>
          <entry name="somefile.txt" md5="0e2d53ce1b91d5c94cc75003fb5c4ebd" size="53" mtime="1667469538"/>
        </directory>
  recorded_at: Thu, 03 Nov 2022 09:59:00 GMT
- request:
    method: post
    uri: http://backend:5352/source/home:madam_submitter/Quebec?cmd=diff&expand=1&nodiff=1&opackage=Quebec&oproject=home:mr_receiver&rev=2
    body:
      encoding: UTF-8
      string: ''
    headers:
      Content-Type:
      - application/octet-stream
      X-Request-Id:
      - c0946535-a27a-4cd9-8a25-7c27592c4ee3
      Accept-Encoding:
      - gzip;q=1.0,deflate;q=0.6,identity;q=0.3
      Accept:
      - "*/*"
      User-Agent:
      - Ruby
  response:
    status:
      code: 200
      message: OK
    headers:
      Content-Type:
      - text/plain
      Cache-Control:
      - no-cache
      Connection:
      - close
      Content-Length:
      - '95'
    body:
      encoding: UTF-8
      string: |2

        ++++++ _config
        --- _config
        +++ _config

        ++++++ somefile.txt
        --- somefile.txt
        +++ somefile.txt
  recorded_at: Thu, 03 Nov 2022 09:59:00 GMT
- request:
    method: get
    uri: http://backend:5352/source/home:madam_submitter/Quebec?expand=1&rev=2
    body:
      encoding: US-ASCII
      string: ''
    headers:
      X-Request-Id:
      - c0946535-a27a-4cd9-8a25-7c27592c4ee3
      Accept-Encoding:
      - gzip;q=1.0,deflate;q=0.6,identity;q=0.3
      Accept:
      - "*/*"
      User-Agent:
      - Ruby
  response:
    status:
      code: 200
      message: OK
    headers:
      Content-Type:
      - text/xml
      Cache-Control:
      - no-cache
      Connection:
      - close
      Content-Length:
      - '291'
    body:
      encoding: UTF-8
      string: |
        <directory name="Quebec" rev="2" vrev="2" srcmd5="ddd3491d11bfccb6d4a5ded8d29c8e0f">
          <entry name="_config" md5="697c34abeaacf5a27e0cefcdffb665b9" size="81" mtime="1667469538"/>
          <entry name="somefile.txt" md5="0e2d53ce1b91d5c94cc75003fb5c4ebd" size="53" mtime="1667469538"/>
        </directory>
  recorded_at: Thu, 03 Nov 2022 09:59:00 GMT
- request:
    method: get
    uri: http://backend:5352/source/home:madam_submitter/Quebec
    body:
      encoding: US-ASCII
      string: ''
    headers:
      X-Request-Id:
      - c0946535-a27a-4cd9-8a25-7c27592c4ee3
      Accept-Encoding:
      - gzip;q=1.0,deflate;q=0.6,identity;q=0.3
      Accept:
      - "*/*"
      User-Agent:
      - Ruby
  response:
    status:
      code: 200
      message: OK
    headers:
      Content-Type:
      - text/xml
      Cache-Control:
      - no-cache
      Connection:
      - close
      Content-Length:
      - '291'
    body:
      encoding: UTF-8
      string: |
        <directory name="Quebec" rev="2" vrev="2" srcmd5="ddd3491d11bfccb6d4a5ded8d29c8e0f">
          <entry name="_config" md5="697c34abeaacf5a27e0cefcdffb665b9" size="81" mtime="1667469538"/>
          <entry name="somefile.txt" md5="0e2d53ce1b91d5c94cc75003fb5c4ebd" size="53" mtime="1667469538"/>
        </directory>
  recorded_at: Thu, 03 Nov 2022 09:59:00 GMT
- request:
    method: post
    uri: http://backend:5352/source/home:madam_submitter/Quebec?cmd=diff&expand=1&filelimit=10000&opackage=Quebec&oproject=home:mr_receiver&rev=2&tarlimit=10000&view=xml&withissues=1
    body:
      encoding: UTF-8
      string: ''
    headers:
      Content-Type:
      - application/octet-stream
      X-Request-Id:
      - c0946535-a27a-4cd9-8a25-7c27592c4ee3
      Accept-Encoding:
      - gzip;q=1.0,deflate;q=0.6,identity;q=0.3
      Accept:
      - "*/*"
      User-Agent:
      - Ruby
  response:
    status:
      code: 200
      message: OK
    headers:
      Content-Type:
      - text/xml
      Cache-Control:
      - no-cache
      Connection:
      - close
      Content-Length:
      - '1196'
    body:
      encoding: UTF-8
      string: |
        <sourcediff key="4c57c9356d49e83ab300f7782dfd192f">
          <old project="home:mr_receiver" package="Quebec" rev="2" srcmd5="084c2d00f44e4f61962ce65dc2d12103"/>
          <new project="home:madam_submitter" package="Quebec" rev="2" srcmd5="ddd3491d11bfccb6d4a5ded8d29c8e0f"/>
          <files>
            <file state="changed">
              <old name="_config" md5="c356d35d6618087a05a03812915c5bdf" size="72"/>
              <new name="_config" md5="697c34abeaacf5a27e0cefcdffb665b9" size="81"/>
              <diff lines="5">@@ -1,1 +1,1 @@
        -Voluptatibus et ipsam. Ipsa praesentium ut. Autem molestiae praesentium.
        \ No newline at end of file
        +Exercitationem voluptatem necessitatibus. Autem facere dolor. Adipisci est quasi.
        \ No newline at end of file
        </diff>
            </file>
            <file state="changed">
              <old name="somefile.txt" md5="ef73142d50dc2691db5dad9ce92647cd" size="62"/>
              <new name="somefile.txt" md5="0e2d53ce1b91d5c94cc75003fb5c4ebd" size="53"/>
              <diff lines="5">@@ -1,1 +1,1 @@
        -Atque vero corrupti. Sequi animi harum. Unde ullam aspernatur.
        \ No newline at end of file
        +Nihil in soluta. Iure dolorem aut. Cumque itaque est.
        \ No newline at end of file
        </diff>
            </file>
          </files>
          <issues>
          </issues>
        </sourcediff>
  recorded_at: Thu, 03 Nov 2022 09:59:00 GMT
- request:
    method: get
    uri: http://backend:5352/source/home:mr_receiver/Quebec
    body:
      encoding: US-ASCII
      string: ''
    headers:
      X-Request-Id:
      - b9a994e1-32d4-4bd0-8fed-8f6fa2592da2
      Accept-Encoding:
      - gzip;q=1.0,deflate;q=0.6,identity;q=0.3
      Accept:
      - "*/*"
      User-Agent:
      - Ruby
  response:
    status:
      code: 200
      message: OK
    headers:
      Content-Type:
      - text/xml
      Cache-Control:
      - no-cache
      Connection:
      - close
      Content-Length:
      - '291'
    body:
      encoding: UTF-8
      string: |
        <directory name="Quebec" rev="2" vrev="2" srcmd5="084c2d00f44e4f61962ce65dc2d12103">
          <entry name="_config" md5="c356d35d6618087a05a03812915c5bdf" size="72" mtime="1667469540"/>
          <entry name="somefile.txt" md5="ef73142d50dc2691db5dad9ce92647cd" size="62" mtime="1667469540"/>
        </directory>
  recorded_at: Thu, 03 Nov 2022 09:59:01 GMT
- request:
    method: get
    uri: http://backend:5352/source/home:madam_submitter/Quebec
    body:
      encoding: US-ASCII
      string: ''
    headers:
      X-Request-Id:
      - 29b779a3-1c15-41ef-9990-a16612baae8b
      Accept-Encoding:
      - gzip;q=1.0,deflate;q=0.6,identity;q=0.3
      Accept:
      - "*/*"
      User-Agent:
      - Ruby
  response:
    status:
      code: 200
      message: OK
    headers:
      Content-Type:
      - text/xml
      Cache-Control:
      - no-cache
      Connection:
      - close
      Content-Length:
      - '291'
    body:
      encoding: UTF-8
      string: |
        <directory name="Quebec" rev="2" vrev="2" srcmd5="ddd3491d11bfccb6d4a5ded8d29c8e0f">
          <entry name="_config" md5="697c34abeaacf5a27e0cefcdffb665b9" size="81" mtime="1667469538"/>
          <entry name="somefile.txt" md5="0e2d53ce1b91d5c94cc75003fb5c4ebd" size="53" mtime="1667469538"/>
        </directory>
  recorded_at: Thu, 03 Nov 2022 09:59:01 GMT
- request:
    method: post
    uri: http://backend:5352/source/home:madam_submitter/Quebec?cacheonly=1&cmd=diff&expand=1&filelimit=10000&opackage=Quebec&oproject=home:mr_receiver&rev=2&tarlimit=10000&view=xml&withissues=1
    body:
      encoding: UTF-8
      string: ''
    headers:
      Content-Type:
      - application/octet-stream
      X-Request-Id:
      - 29b779a3-1c15-41ef-9990-a16612baae8b
      Accept-Encoding:
      - gzip;q=1.0,deflate;q=0.6,identity;q=0.3
      Accept:
      - "*/*"
      User-Agent:
      - Ruby
  response:
    status:
      code: 200
      message: OK
    headers:
      Content-Type:
      - text/xml
      Content-Length:
      - '1196'
      Cache-Control:
      - no-cache
      Connection:
      - close
    body:
      encoding: UTF-8
      string: |
        <sourcediff key="4c57c9356d49e83ab300f7782dfd192f">
          <old project="home:mr_receiver" package="Quebec" rev="2" srcmd5="084c2d00f44e4f61962ce65dc2d12103"/>
          <new project="home:madam_submitter" package="Quebec" rev="2" srcmd5="ddd3491d11bfccb6d4a5ded8d29c8e0f"/>
          <files>
            <file state="changed">
              <old name="_config" md5="c356d35d6618087a05a03812915c5bdf" size="72"/>
              <new name="_config" md5="697c34abeaacf5a27e0cefcdffb665b9" size="81"/>
              <diff lines="5">@@ -1,1 +1,1 @@
        -Voluptatibus et ipsam. Ipsa praesentium ut. Autem molestiae praesentium.
        \ No newline at end of file
        +Exercitationem voluptatem necessitatibus. Autem facere dolor. Adipisci est quasi.
        \ No newline at end of file
        </diff>
            </file>
            <file state="changed">
              <old name="somefile.txt" md5="ef73142d50dc2691db5dad9ce92647cd" size="62"/>
              <new name="somefile.txt" md5="0e2d53ce1b91d5c94cc75003fb5c4ebd" size="53"/>
              <diff lines="5">@@ -1,1 +1,1 @@
        -Atque vero corrupti. Sequi animi harum. Unde ullam aspernatur.
        \ No newline at end of file
        +Nihil in soluta. Iure dolorem aut. Cumque itaque est.
        \ No newline at end of file
        </diff>
            </file>
          </files>
          <issues>
          </issues>
        </sourcediff>
  recorded_at: Thu, 03 Nov 2022 09:59:01 GMT
- request:
    method: get
    uri: http://backend:5352/source/home:mr_receiver/Quebec
    body:
      encoding: US-ASCII
      string: ''
    headers:
      X-Request-Id:
      - 29b779a3-1c15-41ef-9990-a16612baae8b
      Accept-Encoding:
      - gzip;q=1.0,deflate;q=0.6,identity;q=0.3
      Accept:
      - "*/*"
      User-Agent:
      - Ruby
  response:
    status:
      code: 200
      message: OK
    headers:
      Content-Type:
      - text/xml
      Cache-Control:
      - no-cache
      Connection:
      - close
      Content-Length:
      - '291'
    body:
      encoding: UTF-8
      string: |
        <directory name="Quebec" rev="2" vrev="2" srcmd5="084c2d00f44e4f61962ce65dc2d12103">
          <entry name="_config" md5="c356d35d6618087a05a03812915c5bdf" size="72" mtime="1667469540"/>
          <entry name="somefile.txt" md5="ef73142d50dc2691db5dad9ce92647cd" size="62" mtime="1667469540"/>
        </directory>
  recorded_at: Thu, 03 Nov 2022 09:59:01 GMT
- request:
    method: get
    uri: http://backend:5352/build/home:madam_submitter/_result?package=Quebec&view=status
    body:
      encoding: US-ASCII
      string: ''
    headers:
      X-Request-Id:
      - 84ecb4a4-eda1-4680-b905-2c7708a80281
      Accept-Encoding:
      - gzip;q=1.0,deflate;q=0.6,identity;q=0.3
      Accept:
      - "*/*"
      User-Agent:
      - Ruby
  response:
    status:
      code: 200
      message: OK
    headers:
      Content-Type:
      - text/xml
      Cache-Control:
      - no-cache
      Connection:
      - close
      Content-Length:
      - '55'
    body:
      encoding: UTF-8
      string: '<resultlist state="00000000000000000000000000000000"/>

'
  recorded_at: Thu, 03 Nov 2022 09:59:01 GMT
recorded_with: VCR 6.1.0
