---
http_interactions:
- request:
    method: put
    uri: http://backend:5352/source/home:Iggy/_meta?user=Iggy
    body:
      encoding: UTF-8
      string: |
        <project name="home:Iggy">
          <title/>
          <description/>
          <person userid="Iggy" role="maintainer"/>
        </project>
    headers:
      Accept-Encoding:
      - gzip;q=1.0,deflate;q=0.6,identity;q=0.3
      Accept:
      - "*/*"
      User-Agent:
      - Ruby
  response:
    status:
      code: 200
      message: OK
    headers:
      Content-Type:
      - text/xml
      Cache-Control:
      - no-cache
      Connection:
      - close
      Content-Length:
      - '130'
    body:
      encoding: UTF-8
      string: |
        <project name="home:Iggy">
          <title></title>
          <description></description>
          <person userid="Iggy" role="maintainer"/>
        </project>
  recorded_at: Tue, 10 Jan 2023 17:15:53 GMT
- request:
    method: put
    uri: http://backend:5352/source/foo_project/_meta?user=user_191
    body:
      encoding: UTF-8
      string: |
        <project name="foo_project">
          <title>The Doors of Perception</title>
          <description/>
          <person userid="Iggy" role="maintainer"/>
        </project>
    headers:
      Accept-Encoding:
      - gzip;q=1.0,deflate;q=0.6,identity;q=0.3
      Accept:
      - "*/*"
      User-Agent:
      - Ruby
  response:
    status:
      code: 200
      message: OK
    headers:
      Content-Type:
      - text/xml
      Cache-Control:
      - no-cache
      Connection:
      - close
      Content-Length:
      - '155'
    body:
      encoding: UTF-8
      string: |
        <project name="foo_project">
          <title>The Doors of Perception</title>
          <description></description>
          <person userid="Iggy" role="maintainer"/>
        </project>
  recorded_at: Tue, 10 Jan 2023 17:15:53 GMT
- request:
    method: put
    uri: http://backend:5352/source/foo_project/bar_package/_meta?user=user_192
    body:
      encoding: UTF-8
      string: |
        <package name="bar_package" project="foo_project">
          <title>The Curious Incident of the Dog in the Night-Time</title>
          <description>Non sint eius aperiam.</description>
        </package>
    headers:
      Accept-Encoding:
      - gzip;q=1.0,deflate;q=0.6,identity;q=0.3
      Accept:
      - "*/*"
      User-Agent:
      - Ruby
  response:
    status:
      code: 200
      message: OK
    headers:
      Content-Type:
      - text/xml
      Cache-Control:
      - no-cache
      Connection:
      - close
      Content-Length:
      - '181'
    body:
      encoding: UTF-8
      string: |
        <package name="bar_package" project="foo_project">
          <title>The Curious Incident of the Dog in the Night-Time</title>
          <description>Non sint eius aperiam.</description>
        </package>
  recorded_at: Tue, 10 Jan 2023 17:15:53 GMT
- request:
    method: put
    uri: http://backend:5352/source/foo_project/bar_package/_config
    body:
      encoding: UTF-8
      string: Est magni fugit. Aperiam sint temporibus. Vitae eaque quia.
    headers:
      Accept-Encoding:
      - gzip;q=1.0,deflate;q=0.6,identity;q=0.3
      Accept:
      - "*/*"
      User-Agent:
      - Ruby
  response:
    status:
      code: 200
      message: OK
    headers:
      Content-Type:
      - text/xml
      Cache-Control:
      - no-cache
      Connection:
      - close
      Content-Length:
      - '211'
    body:
      encoding: UTF-8
      string: |
        <revision rev="187" vrev="187">
          <srcmd5>6e9a1a434f2054f150c1aa13c9f279f5</srcmd5>
          <version>unknown</version>
          <time>1673370953</time>
          <user>unknown</user>
          <comment></comment>
          <requestid/>
        </revision>
  recorded_at: Tue, 10 Jan 2023 17:15:53 GMT
- request:
    method: put
    uri: http://backend:5352/source/foo_project/bar_package/somefile.txt
    body:
      encoding: UTF-8
      string: Ut vero nam. Quia eaque corrupti. Aut accusamus facilis.
    headers:
      Accept-Encoding:
      - gzip;q=1.0,deflate;q=0.6,identity;q=0.3
      Accept:
      - "*/*"
      User-Agent:
      - Ruby
  response:
    status:
      code: 200
      message: OK
    headers:
      Content-Type:
      - text/xml
      Cache-Control:
      - no-cache
      Connection:
      - close
      Content-Length:
      - '211'
    body:
      encoding: UTF-8
      string: |
        <revision rev="188" vrev="188">
          <srcmd5>82d3182faefcd608a0dd806ac9c346ba</srcmd5>
          <version>unknown</version>
          <time>1673370953</time>
          <user>unknown</user>
          <comment></comment>
          <requestid/>
        </revision>
  recorded_at: Tue, 10 Jan 2023 17:15:53 GMT
- request:
    method: put
    uri: http://backend:5352/source/home:Iggy/bar_package-123/_meta?user=Iggy
    body:
      encoding: UTF-8
      string: |
        <package name="bar_package-123" project="home:Iggy">
          <title/>
          <description/>
        </package>
    headers:
      Accept-Encoding:
      - gzip;q=1.0,deflate;q=0.6,identity;q=0.3
      Accept:
      - "*/*"
      User-Agent:
      - Ruby
  response:
    status:
      code: 200
      message: OK
    headers:
      Content-Type:
      - text/xml
      Cache-Control:
      - no-cache
      Connection:
      - close
      Content-Length:
      - '112'
    body:
      encoding: UTF-8
      string: |
        <package name="bar_package-123" project="home:Iggy">
          <title></title>
          <description></description>
        </package>
  recorded_at: Tue, 10 Jan 2023 17:15:53 GMT
- request:
    method: put
    uri: http://backend:5352/source/home:Iggy/_project/_service
    body:
      encoding: UTF-8
      string: |
        <services>
          <service name="format_spec_file" mode="localonly"/>
        </services>
    headers:
      Accept-Encoding:
      - gzip;q=1.0,deflate;q=0.6,identity;q=0.3
      Accept:
      - "*/*"
      User-Agent:
      - Ruby
  response:
    status:
      code: 200
      message: OK
    headers:
      Content-Type:
      - text/xml
      Cache-Control:
      - no-cache
      Connection:
      - close
      Content-Length:
      - '170'
    body:
      encoding: UTF-8
      string: |
        <revision rev="31">
          <srcmd5>58ae26056fd970c7f7c9bad137b6665e</srcmd5>
          <time>1673370953</time>
          <user>unknown</user>
          <comment></comment>
          <requestid/>
        </revision>
  recorded_at: Tue, 10 Jan 2023 17:15:53 GMT
- request:
    method: get
    uri: http://backend:5352/source/home:Iggy/_project/_service
    body:
      encoding: US-ASCII
      string: ''
    headers:
      Accept-Encoding:
      - gzip;q=1.0,deflate;q=0.6,identity;q=0.3
      Accept:
      - "*/*"
      User-Agent:
      - Ruby
  response:
    status:
      code: 200
      message: OK
    headers:
      Content-Type:
      - application/octet-stream
      Content-Length:
      - '77'
      Cache-Control:
      - no-cache
      Connection:
      - close
    body:
      encoding: UTF-8
      string: |
        <services>
          <service name="format_spec_file" mode="localonly"/>
        </services>
  recorded_at: Tue, 10 Jan 2023 17:15:53 GMT
- request:
    method: put
    uri: http://backend:5352/source/home:Iggy/bar_package-123/_link?user=Iggy
    body:
      encoding: UTF-8
      string: <link project="foo_project" package="bar_package"/>
    headers:
      Accept-Encoding:
      - gzip;q=1.0,deflate;q=0.6,identity;q=0.3
      Accept:
      - "*/*"
      User-Agent:
      - Ruby
  response:
    status:
      code: 200
      message: OK
    headers:
      Content-Type:
      - text/xml
      Cache-Control:
      - no-cache
      Connection:
      - close
      Content-Length:
      - '206'
    body:
      encoding: UTF-8
      string: |
        <revision rev="39" vrev="39">
          <srcmd5>f5057dba032fab5037704304fc72930d</srcmd5>
          <version>unknown</version>
          <time>1673370953</time>
          <user>Iggy</user>
          <comment></comment>
          <requestid/>
        </revision>
  recorded_at: Tue, 10 Jan 2023 17:15:53 GMT
- request:
    method: put
    uri: http://backend:5352/source/home:Iggy/bar_package-123/_branch_request?user=Iggy
    body:
      encoding: UTF-8
      string: '{"object_kind":null,"project":{"http_url":null},"object_attributes":{"source":{"default_branch":"123"}}}'
    headers:
      Accept-Encoding:
      - gzip;q=1.0,deflate;q=0.6,identity;q=0.3
      Accept:
      - "*/*"
      User-Agent:
      - Ruby
  response:
    status:
      code: 200
      message: OK
    headers:
      Content-Type:
      - text/xml
      Cache-Control:
      - no-cache
      Connection:
      - close
      Content-Length:
      - '206'
    body:
      encoding: UTF-8
      string: |
        <revision rev="40" vrev="40">
          <srcmd5>8edad4e09c057d0c48538567ec70f697</srcmd5>
          <version>unknown</version>
          <time>1673370953</time>
          <user>Iggy</user>
          <comment></comment>
          <requestid/>
        </revision>
  recorded_at: Tue, 10 Jan 2023 17:15:53 GMT
- request:
    method: put
    uri: http://backend:5352/source/home:Iggy/bar_package-123/_meta?user=Iggy
    body:
      encoding: UTF-8
      string: |
        <package name="bar_package-123" project="home:Iggy">
          <title/>
          <description/>
        </package>
    headers:
      Accept-Encoding:
      - gzip;q=1.0,deflate;q=0.6,identity;q=0.3
      Accept:
      - "*/*"
      User-Agent:
      - Ruby
  response:
    status:
      code: 200
      message: OK
    headers:
      Content-Type:
      - text/xml
      Cache-Control:
      - no-cache
      Connection:
      - close
      Content-Length:
      - '112'
    body:
      encoding: UTF-8
      string: |
        <package name="bar_package-123" project="home:Iggy">
          <title></title>
          <description></description>
        </package>
  recorded_at: Tue, 10 Jan 2023 17:15:53 GMT
- request:
    method: get
    uri: http://backend:5352/source/home:Iggy/bar_package-123
    body:
      encoding: US-ASCII
      string: ''
    headers:
      Accept-Encoding:
      - gzip;q=1.0,deflate;q=0.6,identity;q=0.3
      Accept:
      - "*/*"
      User-Agent:
      - Ruby
  response:
    status:
      code: 200
      message: OK
    headers:
      Content-Type:
      - text/xml
      Cache-Control:
      - no-cache
      Connection:
      - close
      Content-Length:
      - '567'
    body:
      encoding: UTF-8
      string: |
        <directory name="bar_package-123" rev="40" vrev="40" srcmd5="8edad4e09c057d0c48538567ec70f697">
          <linkinfo project="foo_project" package="bar_package" srcmd5="82d3182faefcd608a0dd806ac9c346ba" xsrcmd5="5f9f07eaf8d59a6c9af2f0368398b792" lsrcmd5="8edad4e09c057d0c48538567ec70f697"/>
          <serviceinfo code="succeeded" xsrcmd5="f4d9a3f3636e378904183fe60110f345"/>
          <entry name="_branch_request" md5="3604bb2fa00e7261df781f340c5e9ac1" size="104" mtime="1673370947"/>
          <entry name="_link" md5="858d6500f0ccc27f85ed9dc8c2006d8e" size="51" mtime="1673370931"/>
        </directory>
  recorded_at: Tue, 10 Jan 2023 17:15:53 GMT
- request:
    method: get
    uri: http://backend:5352/source/home:Iggy/bar_package-123?view=info
    body:
      encoding: US-ASCII
      string: ''
    headers:
      Accept-Encoding:
      - gzip;q=1.0,deflate;q=0.6,identity;q=0.3
      Accept:
      - "*/*"
      User-Agent:
      - Ruby
  response:
    status:
      code: 200
      message: OK
    headers:
      Content-Type:
      - text/xml
      Cache-Control:
      - no-cache
      Connection:
      - close
      Content-Length:
      - '335'
    body:
      encoding: UTF-8
      string: |
        <sourceinfo package="bar_package-123" rev="40" vrev="228" srcmd5="3dadd674791cfd9b9da858d099863d75" lsrcmd5="f4d9a3f3636e378904183fe60110f345" verifymd5="c52179e9b9e4951134daf6b081cf81f2">
          <error>bad build configuration, no build type defined or detected</error>
          <linked project="foo_project" package="bar_package"/>
        </sourceinfo>
  recorded_at: Tue, 10 Jan 2023 17:15:53 GMT
- request:
    method: get
    uri: http://backend:5352/source/home:Iggy/bar_package-123
    body:
      encoding: US-ASCII
      string: ''
    headers:
      Accept-Encoding:
      - gzip;q=1.0,deflate;q=0.6,identity;q=0.3
      Accept:
      - "*/*"
      User-Agent:
      - Ruby
  response:
    status:
      code: 200
      message: OK
    headers:
      Content-Type:
      - text/xml
      Cache-Control:
      - no-cache
      Connection:
      - close
      Content-Length:
      - '567'
    body:
      encoding: UTF-8
      string: |
        <directory name="bar_package-123" rev="40" vrev="40" srcmd5="8edad4e09c057d0c48538567ec70f697">
          <linkinfo project="foo_project" package="bar_package" srcmd5="82d3182faefcd608a0dd806ac9c346ba" xsrcmd5="5f9f07eaf8d59a6c9af2f0368398b792" lsrcmd5="8edad4e09c057d0c48538567ec70f697"/>
          <serviceinfo code="succeeded" xsrcmd5="f4d9a3f3636e378904183fe60110f345"/>
          <entry name="_branch_request" md5="3604bb2fa00e7261df781f340c5e9ac1" size="104" mtime="1673370947"/>
          <entry name="_link" md5="858d6500f0ccc27f85ed9dc8c2006d8e" size="51" mtime="1673370931"/>
        </directory>
  recorded_at: Tue, 10 Jan 2023 17:15:53 GMT
- request:
    method: post
    uri: http://backend:5352/source/home:Iggy/bar_package-123?cmd=diff&linkrev=base&onlyissues=1&orev=0&view=xml
    body:
      encoding: UTF-8
      string: ''
    headers:
      Content-Type:
      - application/octet-stream
      Accept-Encoding:
      - gzip;q=1.0,deflate;q=0.6,identity;q=0.3
      Accept:
      - "*/*"
      User-Agent:
      - Ruby
  response:
    status:
      code: 200
      message: OK
    headers:
      Content-Type:
      - text/xml
      Cache-Control:
      - no-cache
      Connection:
      - close
      Content-Length:
      - '311'
    body:
      encoding: UTF-8
      string: |
        <sourcediff key="7f1ff6448b96ffb07b890dd7a2ebda1c">
          <old project="home:Iggy" package="bar_package-123" rev="0" srcmd5="d41d8cd98f00b204e9800998ecf8427e"/>
          <new project="home:Iggy" package="bar_package-123" rev="40" srcmd5="8edad4e09c057d0c48538567ec70f697"/>
          <files/>
          <issues>
          </issues>
        </sourcediff>
  recorded_at: Tue, 10 Jan 2023 17:15:53 GMT
- request:
    method: post
    uri: http://backend:5352/source/home:Iggy/bar_package-123?cmd=linkdiff&linkrev=base&onlyissues=1&view=xml
    body:
      encoding: UTF-8
      string: ''
    headers:
      Content-Type:
      - application/octet-stream
      Accept-Encoding:
      - gzip;q=1.0,deflate;q=0.6,identity;q=0.3
      Accept:
      - "*/*"
      User-Agent:
      - Ruby
  response:
    status:
      code: 200
      message: OK
    headers:
      Content-Type:
      - text/xml
      Cache-Control:
      - no-cache
      Connection:
      - close
      Content-Length:
      - '370'
    body:
      encoding: UTF-8
      string: |
        <sourcediff key="75262de0eea2f8c18e7998d5694c5e15">
          <old project="foo_project" package="bar_package" rev="82d3182faefcd608a0dd806ac9c346ba" srcmd5="82d3182faefcd608a0dd806ac9c346ba"/>
          <new project="home:Iggy" package="bar_package-123" rev="3dadd674791cfd9b9da858d099863d75" srcmd5="3dadd674791cfd9b9da858d099863d75"/>
          <files/>
          <issues>
          </issues>
        </sourcediff>
  recorded_at: Tue, 10 Jan 2023 17:15:53 GMT
- request:
    method: get
    uri: http://backend:5352/source/home:Iggy/_project%2F_service
    body:
      encoding: US-ASCII
      string: ''
    headers:
      Accept-Encoding:
      - gzip;q=1.0,deflate;q=0.6,identity;q=0.3
      Accept:
      - "*/*"
      User-Agent:
      - Ruby
  response:
    status:
      code: 200
      message: OK
    headers:
      Content-Type:
      - application/octet-stream
      Content-Length:
      - '77'
      Cache-Control:
      - no-cache
      Connection:
      - close
    body:
      encoding: UTF-8
      string: |
        <services>
          <service name="format_spec_file" mode="localonly"/>
        </services>
  recorded_at: Tue, 10 Jan 2023 17:15:53 GMT
recorded_with: VCR 6.1.0
