---
http_interactions:
- request:
    method: put
    uri: http://backend:5352/source/home:Iggy/_meta?user=Iggy
    body:
      encoding: UTF-8
      string: |
        <project name="home:Iggy">
          <title/>
          <description/>
          <person userid="Iggy" role="maintainer"/>
        </project>
    headers:
      Accept-Encoding:
      - gzip;q=1.0,deflate;q=0.6,identity;q=0.3
      Accept:
      - "*/*"
      User-Agent:
      - Ruby
  response:
    status:
      code: 200
      message: OK
    headers:
      Content-Type:
      - text/xml
      Cache-Control:
      - no-cache
      Connection:
      - close
      Content-Length:
      - '130'
    body:
      encoding: UTF-8
      string: |
        <project name="home:Iggy">
          <title></title>
          <description></description>
          <person userid="Iggy" role="maintainer"/>
        </project>
  recorded_at: Tue, 10 Jan 2023 17:15:06 GMT
- request:
    method: put
    uri: http://backend:5352/source/foo_project/_meta?user=user_39
    body:
      encoding: UTF-8
      string: |
        <project name="foo_project">
          <title>A Passage to India</title>
          <description/>
          <person userid="Iggy" role="maintainer"/>
        </project>
    headers:
      Accept-Encoding:
      - gzip;q=1.0,deflate;q=0.6,identity;q=0.3
      Accept:
      - "*/*"
      User-Agent:
      - Ruby
  response:
    status:
      code: 200
      message: OK
    headers:
      Content-Type:
      - text/xml
      Cache-Control:
      - no-cache
      Connection:
      - close
      Content-Length:
      - '150'
    body:
      encoding: UTF-8
      string: |
        <project name="foo_project">
          <title>A Passage to India</title>
          <description></description>
          <person userid="Iggy" role="maintainer"/>
        </project>
  recorded_at: Tue, 10 Jan 2023 17:15:06 GMT
- request:
    method: put
    uri: http://backend:5352/source/foo_project/bar_package/_meta?user=user_40
    body:
      encoding: UTF-8
      string: |
        <package name="bar_package" project="foo_project">
          <title>Tender Is the Night</title>
          <description>Praesentium culpa doloremque atque.</description>
        </package>
    headers:
      Accept-Encoding:
      - gzip;q=1.0,deflate;q=0.6,identity;q=0.3
      Accept:
      - "*/*"
      User-Agent:
      - Ruby
  response:
    status:
      code: 200
      message: OK
    headers:
      Content-Type:
      - text/xml
      Cache-Control:
      - no-cache
      Connection:
      - close
      Content-Length:
      - '164'
    body:
      encoding: UTF-8
      string: |
        <package name="bar_package" project="foo_project">
          <title>Tender Is the Night</title>
          <description>Praesentium culpa doloremque atque.</description>
        </package>
  recorded_at: Tue, 10 Jan 2023 17:15:06 GMT
- request:
    method: put
    uri: http://backend:5352/source/foo_project/bar_package/_config
    body:
      encoding: UTF-8
      string: Voluptatem at ab. Quidem itaque impedit. Quia non quis.
    headers:
      Accept-Encoding:
      - gzip;q=1.0,deflate;q=0.6,identity;q=0.3
      Accept:
      - "*/*"
      User-Agent:
      - Ruby
  response:
    status:
      code: 200
      message: OK
    headers:
      Content-Type:
      - text/xml
      Cache-Control:
      - no-cache
      Connection:
      - close
      Content-Length:
      - '209'
    body:
      encoding: UTF-8
      string: |
        <revision rev="19" vrev="19">
          <srcmd5>53a7492fdb07a985956cd141b07616bb</srcmd5>
          <version>unknown</version>
          <time>1673370906</time>
          <user>unknown</user>
          <comment></comment>
          <requestid/>
        </revision>
  recorded_at: Tue, 10 Jan 2023 17:15:06 GMT
- request:
    method: put
    uri: http://backend:5352/source/foo_project/bar_package/somefile.txt
    body:
      encoding: UTF-8
      string: Fuga dolores quis. Illum similique omnis. Corporis vitae dolorem.
    headers:
      Accept-Encoding:
      - gzip;q=1.0,deflate;q=0.6,identity;q=0.3
      Accept:
      - "*/*"
      User-Agent:
      - Ruby
  response:
    status:
      code: 200
      message: OK
    headers:
      Content-Type:
      - text/xml
      Cache-Control:
      - no-cache
      Connection:
      - close
      Content-Length:
      - '209'
    body:
      encoding: UTF-8
      string: |
        <revision rev="20" vrev="20">
          <srcmd5>7b75fc912faf0b0932a550af9a1ff58b</srcmd5>
          <version>unknown</version>
          <time>1673370906</time>
          <user>unknown</user>
          <comment></comment>
          <requestid/>
        </revision>
  recorded_at: Tue, 10 Jan 2023 17:15:06 GMT
- request:
    method: put
    uri: http://backend:5352/source/home:Iggy/bar_package-release_abc/_meta?user=Iggy
    body:
      encoding: UTF-8
      string: |
        <package name="bar_package-release_abc" project="home:Iggy">
          <title/>
          <description/>
        </package>
    headers:
      Accept-Encoding:
      - gzip;q=1.0,deflate;q=0.6,identity;q=0.3
      Accept:
      - "*/*"
      User-Agent:
      - Ruby
  response:
    status:
      code: 200
      message: OK
    headers:
      Content-Type:
      - text/xml
      Cache-Control:
      - no-cache
      Connection:
      - close
      Content-Length:
      - '120'
    body:
      encoding: UTF-8
      string: |
        <package name="bar_package-release_abc" project="home:Iggy">
          <title></title>
          <description></description>
        </package>
  recorded_at: Tue, 10 Jan 2023 17:15:07 GMT
- request:
    method: put
    uri: http://backend:5352/source/home:Iggy/_project/_service
    body:
      encoding: UTF-8
      string: |
        <services>
          <service name="format_spec_file" mode="localonly"/>
        </services>
    headers:
      Accept-Encoding:
      - gzip;q=1.0,deflate;q=0.6,identity;q=0.3
      Accept:
      - "*/*"
      User-Agent:
      - Ruby
  response:
    status:
      code: 200
      message: OK
    headers:
      Content-Type:
      - text/xml
      Cache-Control:
      - no-cache
      Connection:
      - close
      Content-Length:
      - '169'
    body:
      encoding: UTF-8
      string: |
        <revision rev="6">
          <srcmd5>58ae26056fd970c7f7c9bad137b6665e</srcmd5>
          <time>1673370907</time>
          <user>unknown</user>
          <comment></comment>
          <requestid/>
        </revision>
  recorded_at: Tue, 10 Jan 2023 17:15:07 GMT
- request:
    method: get
    uri: http://backend:5352/source/home:Iggy/_project/_service
    body:
      encoding: US-ASCII
      string: ''
    headers:
      Accept-Encoding:
      - gzip;q=1.0,deflate;q=0.6,identity;q=0.3
      Accept:
      - "*/*"
      User-Agent:
      - Ruby
  response:
    status:
      code: 200
      message: OK
    headers:
      Content-Type:
      - application/octet-stream
      Content-Length:
      - '77'
      Cache-Control:
      - no-cache
      Connection:
      - close
    body:
      encoding: UTF-8
      string: |
        <services>
          <service name="format_spec_file" mode="localonly"/>
        </services>
  recorded_at: Tue, 10 Jan 2023 17:15:07 GMT
- request:
    method: put
    uri: http://backend:5352/source/home:Iggy/bar_package-release_abc/_link?user=Iggy
    body:
      encoding: UTF-8
      string: <link project="foo_project" package="bar_package"/>
    headers:
      Accept-Encoding:
      - gzip;q=1.0,deflate;q=0.6,identity;q=0.3
      Accept:
      - "*/*"
      User-Agent:
      - Ruby
  response:
    status:
      code: 200
      message: OK
    headers:
      Content-Type:
      - text/xml
      Cache-Control:
      - no-cache
      Connection:
      - close
      Content-Length:
      - '206'
    body:
      encoding: UTF-8
      string: |
        <revision rev="11" vrev="11">
          <srcmd5>222d69b5c65bcdb6bfc206b25db31d40</srcmd5>
          <version>unknown</version>
          <time>1673370907</time>
          <user>Iggy</user>
          <comment></comment>
          <requestid/>
        </revision>
  recorded_at: Tue, 10 Jan 2023 17:15:07 GMT
- request:
    method: put
    uri: http://backend:5352/source/home:Iggy/bar_package-release_abc/_branch_request?user=Iggy
    body:
      encoding: UTF-8
      string: '{"action":"opened","pull_request":{"head":{"repo":{"full_name":"openSUSE/open-build-service"},"sha":"123456789012345"}}}'
    headers:
      Accept-Encoding:
      - gzip;q=1.0,deflate;q=0.6,identity;q=0.3
      Accept:
      - "*/*"
      User-Agent:
      - Ruby
  response:
    status:
      code: 200
      message: OK
    headers:
      Content-Type:
      - text/xml
      Cache-Control:
      - no-cache
      Connection:
      - close
      Content-Length:
      - '206'
    body:
      encoding: UTF-8
      string: |
        <revision rev="12" vrev="12">
          <srcmd5>89de3fbc05babde12a5830e8fe60d106</srcmd5>
          <version>unknown</version>
          <time>1673370907</time>
          <user>Iggy</user>
          <comment></comment>
          <requestid/>
        </revision>
  recorded_at: Tue, 10 Jan 2023 17:15:07 GMT
- request:
    method: put
    uri: http://backend:5352/source/home:Iggy/bar_package-release_abc/_meta?user=Iggy
    body:
      encoding: UTF-8
      string: |
        <package name="bar_package-release_abc" project="home:Iggy">
          <title/>
          <description/>
        </package>
    headers:
      Accept-Encoding:
      - gzip;q=1.0,deflate;q=0.6,identity;q=0.3
      Accept:
      - "*/*"
      User-Agent:
      - Ruby
  response:
    status:
      code: 200
      message: OK
    headers:
      Content-Type:
      - text/xml
      Cache-Control:
      - no-cache
      Connection:
      - close
      Content-Length:
      - '120'
    body:
      encoding: UTF-8
      string: |
        <package name="bar_package-release_abc" project="home:Iggy">
          <title></title>
          <description></description>
        </package>
  recorded_at: Tue, 10 Jan 2023 17:15:07 GMT
- request:
    method: get
    uri: http://backend:5352/source/home:Iggy/bar_package-release_abc
    body:
      encoding: US-ASCII
      string: ''
    headers:
      Accept-Encoding:
      - gzip;q=1.0,deflate;q=0.6,identity;q=0.3
      Accept:
      - "*/*"
      User-Agent:
      - Ruby
  response:
    status:
      code: 200
      message: OK
    headers:
      Content-Type:
      - text/xml
      Cache-Control:
      - no-cache
      Connection:
      - close
      Content-Length:
      - '575'
    body:
      encoding: UTF-8
      string: |
        <directory name="bar_package-release_abc" rev="12" vrev="12" srcmd5="89de3fbc05babde12a5830e8fe60d106">
          <linkinfo project="foo_project" package="bar_package" srcmd5="7b75fc912faf0b0932a550af9a1ff58b" xsrcmd5="3073b650b5f43ae140e54aadb4cb5e36" lsrcmd5="89de3fbc05babde12a5830e8fe60d106"/>
          <serviceinfo code="succeeded" xsrcmd5="0e6b1a53b0d4df66c567723591832953"/>
          <entry name="_branch_request" md5="8ccc2896b48bb83bb375eaf0b342764a" size="120" mtime="1673370903"/>
          <entry name="_link" md5="858d6500f0ccc27f85ed9dc8c2006d8e" size="51" mtime="1673370903"/>
        </directory>
  recorded_at: Tue, 10 Jan 2023 17:15:07 GMT
- request:
    method: get
    uri: http://backend:5352/source/home:Iggy/bar_package-release_abc?view=info
    body:
      encoding: US-ASCII
      string: ''
    headers:
      Accept-Encoding:
      - gzip;q=1.0,deflate;q=0.6,identity;q=0.3
      Accept:
      - "*/*"
      User-Agent:
      - Ruby
  response:
    status:
      code: 200
      message: OK
    headers:
      Content-Type:
      - text/xml
      Cache-Control:
      - no-cache
      Connection:
      - close
      Content-Length:
      - '342'
    body:
      encoding: UTF-8
      string: |
        <sourceinfo package="bar_package-release_abc" rev="12" vrev="32" srcmd5="730b35316144ec188efa31cacfa1c4c6" lsrcmd5="0e6b1a53b0d4df66c567723591832953" verifymd5="bb77be948becb3eb2555e4a21885c338">
          <error>bad build configuration, no build type defined or detected</error>
          <linked project="foo_project" package="bar_package"/>
        </sourceinfo>
  recorded_at: Tue, 10 Jan 2023 17:15:07 GMT
- request:
    method: get
    uri: http://backend:5352/source/home:Iggy/bar_package-release_abc
    body:
      encoding: US-ASCII
      string: ''
    headers:
      Accept-Encoding:
      - gzip;q=1.0,deflate;q=0.6,identity;q=0.3
      Accept:
      - "*/*"
      User-Agent:
      - Ruby
  response:
    status:
      code: 200
      message: OK
    headers:
      Content-Type:
      - text/xml
      Cache-Control:
      - no-cache
      Connection:
      - close
      Content-Length:
      - '575'
    body:
      encoding: UTF-8
      string: |
        <directory name="bar_package-release_abc" rev="12" vrev="12" srcmd5="89de3fbc05babde12a5830e8fe60d106">
          <linkinfo project="foo_project" package="bar_package" srcmd5="7b75fc912faf0b0932a550af9a1ff58b" xsrcmd5="3073b650b5f43ae140e54aadb4cb5e36" lsrcmd5="89de3fbc05babde12a5830e8fe60d106"/>
          <serviceinfo code="succeeded" xsrcmd5="0e6b1a53b0d4df66c567723591832953"/>
          <entry name="_branch_request" md5="8ccc2896b48bb83bb375eaf0b342764a" size="120" mtime="1673370903"/>
          <entry name="_link" md5="858d6500f0ccc27f85ed9dc8c2006d8e" size="51" mtime="1673370903"/>
        </directory>
  recorded_at: Tue, 10 Jan 2023 17:15:07 GMT
- request:
    method: post
    uri: http://backend:5352/source/home:Iggy/bar_package-release_abc?cmd=diff&linkrev=base&onlyissues=1&orev=0&view=xml
    body:
      encoding: UTF-8
      string: ''
    headers:
      Content-Type:
      - application/octet-stream
      Accept-Encoding:
      - gzip;q=1.0,deflate;q=0.6,identity;q=0.3
      Accept:
      - "*/*"
      User-Agent:
      - Ruby
  response:
    status:
      code: 200
      message: OK
    headers:
      Content-Type:
      - text/xml
      Cache-Control:
      - no-cache
      Connection:
      - close
      Content-Length:
      - '327'
    body:
      encoding: UTF-8
      string: |
        <sourcediff key="dffc571f10a85738bcb4739d2962fa0e">
          <old project="home:Iggy" package="bar_package-release_abc" rev="0" srcmd5="d41d8cd98f00b204e9800998ecf8427e"/>
          <new project="home:Iggy" package="bar_package-release_abc" rev="12" srcmd5="89de3fbc05babde12a5830e8fe60d106"/>
          <files/>
          <issues>
          </issues>
        </sourcediff>
  recorded_at: Tue, 10 Jan 2023 17:15:07 GMT
- request:
    method: post
    uri: http://backend:5352/source/home:Iggy/bar_package-release_abc?cmd=linkdiff&linkrev=base&onlyissues=1&view=xml
    body:
      encoding: UTF-8
      string: ''
    headers:
      Content-Type:
      - application/octet-stream
      Accept-Encoding:
      - gzip;q=1.0,deflate;q=0.6,identity;q=0.3
      Accept:
      - "*/*"
      User-Agent:
      - Ruby
  response:
    status:
      code: 200
      message: OK
    headers:
      Content-Type:
      - text/xml
      Cache-Control:
      - no-cache
      Connection:
      - close
      Content-Length:
      - '378'
    body:
      encoding: UTF-8
      string: |
        <sourcediff key="939335a3882574c0b9d50baabfda6d8f">
          <old project="foo_project" package="bar_package" rev="7b75fc912faf0b0932a550af9a1ff58b" srcmd5="7b75fc912faf0b0932a550af9a1ff58b"/>
          <new project="home:Iggy" package="bar_package-release_abc" rev="730b35316144ec188efa31cacfa1c4c6" srcmd5="730b35316144ec188efa31cacfa1c4c6"/>
          <files/>
          <issues>
          </issues>
        </sourcediff>
  recorded_at: Tue, 10 Jan 2023 17:15:07 GMT
- request:
    method: get
    uri: http://backend:5352/source/home:Iggy/bar_package-release_abc/_branch_request
    body:
      encoding: US-ASCII
      string: ''
    headers:
      Accept-Encoding:
      - gzip;q=1.0,deflate;q=0.6,identity;q=0.3
      Accept:
      - "*/*"
      User-Agent:
      - Ruby
  response:
    status:
      code: 200
      message: OK
    headers:
      Content-Type:
      - application/octet-stream
      Content-Length:
      - '120'
      Cache-Control:
      - no-cache
      Connection:
      - close
    body:
      encoding: UTF-8
      string: '{"action":"opened","pull_request":{"head":{"repo":{"full_name":"openSUSE/open-build-service"},"sha":"123456789012345"}}}'
  recorded_at: Tue, 10 Jan 2023 17:15:07 GMT
recorded_with: VCR 6.1.0
