---
http_interactions:
- request:
    method: put
    uri: http://backend:5352/source/home:Iggy/_meta?user=Iggy
    body:
      encoding: UTF-8
      string: |
        <project name="home:Iggy">
          <title/>
          <description/>
          <person userid="Iggy" role="maintainer"/>
        </project>
    headers:
      Accept-Encoding:
      - gzip;q=1.0,deflate;q=0.6,identity;q=0.3
      Accept:
      - "*/*"
      User-Agent:
      - Ruby
  response:
    status:
      code: 200
      message: OK
    headers:
      Content-Type:
      - text/xml
      Cache-Control:
      - no-cache
      Connection:
      - close
      Content-Length:
      - '130'
    body:
      encoding: UTF-8
      string: |
        <project name="home:Iggy">
          <title></title>
          <description></description>
          <person userid="Iggy" role="maintainer"/>
        </project>
  recorded_at: Tue, 10 Jan 2023 17:15:11 GMT
- request:
    method: put
    uri: http://backend:5352/source/foo_project/_meta?user=user_57
    body:
      encoding: UTF-8
      string: |
        <project name="foo_project">
          <title>Everything is Illuminated</title>
          <description/>
          <person userid="Iggy" role="maintainer"/>
        </project>
    headers:
      Accept-Encoding:
      - gzip;q=1.0,deflate;q=0.6,identity;q=0.3
      Accept:
      - "*/*"
      User-Agent:
      - Ruby
  response:
    status:
      code: 200
      message: OK
    headers:
      Content-Type:
      - text/xml
      Cache-Control:
      - no-cache
      Connection:
      - close
      Content-Length:
      - '157'
    body:
      encoding: UTF-8
      string: |
        <project name="foo_project">
          <title>Everything is Illuminated</title>
          <description></description>
          <person userid="Iggy" role="maintainer"/>
        </project>
  recorded_at: Tue, 10 Jan 2023 17:15:11 GMT
- request:
    method: put
    uri: http://backend:5352/source/foo_project/bar_package/_meta?user=user_58
    body:
      encoding: UTF-8
      string: |
        <package name="bar_package" project="foo_project">
          <title>The Moving Finger</title>
          <description>Eius id blanditiis vel.</description>
        </package>
    headers:
      Accept-Encoding:
      - gzip;q=1.0,deflate;q=0.6,identity;q=0.3
      Accept:
      - "*/*"
      User-Agent:
      - Ruby
  response:
    status:
      code: 200
      message: OK
    headers:
      Content-Type:
      - text/xml
      Cache-Control:
      - no-cache
      Connection:
      - close
      Content-Length:
      - '150'
    body:
      encoding: UTF-8
      string: |
        <package name="bar_package" project="foo_project">
          <title>The Moving Finger</title>
          <description>Eius id blanditiis vel.</description>
        </package>
  recorded_at: Tue, 10 Jan 2023 17:15:11 GMT
- request:
    method: put
    uri: http://backend:5352/source/foo_project/bar_package/_config
    body:
      encoding: UTF-8
      string: Ut nisi laborum. Repudiandae dignissimos rerum. Earum est sequi.
    headers:
      Accept-Encoding:
      - gzip;q=1.0,deflate;q=0.6,identity;q=0.3
      Accept:
      - "*/*"
      User-Agent:
      - Ruby
  response:
    status:
      code: 200
      message: OK
    headers:
      Content-Type:
      - text/xml
      Cache-Control:
      - no-cache
      Connection:
      - close
      Content-Length:
      - '209'
    body:
      encoding: UTF-8
      string: |
        <revision rev="37" vrev="37">
          <srcmd5>660c424cc687410841edc46644c7a71b</srcmd5>
          <version>unknown</version>
          <time>1673370911</time>
          <user>unknown</user>
          <comment></comment>
          <requestid/>
        </revision>
  recorded_at: Tue, 10 Jan 2023 17:15:11 GMT
- request:
    method: put
    uri: http://backend:5352/source/foo_project/bar_package/somefile.txt
    body:
      encoding: UTF-8
      string: Ut et voluptatem. Maiores quibusdam corporis. Sequi dolorum et.
    headers:
      Accept-Encoding:
      - gzip;q=1.0,deflate;q=0.6,identity;q=0.3
      Accept:
      - "*/*"
      User-Agent:
      - Ruby
  response:
    status:
      code: 200
      message: OK
    headers:
      Content-Type:
      - text/xml
      Cache-Control:
      - no-cache
      Connection:
      - close
      Content-Length:
      - '209'
    body:
      encoding: UTF-8
      string: |
        <revision rev="38" vrev="38">
          <srcmd5>f8527fd1e13dc3328f798d74fd4fb4a7</srcmd5>
          <version>unknown</version>
          <time>1673370911</time>
          <user>unknown</user>
          <comment></comment>
          <requestid/>
        </revision>
  recorded_at: Tue, 10 Jan 2023 17:15:11 GMT
- request:
    method: put
    uri: http://backend:5352/source/target_project_no_permission/_meta?user=Iggy
    body:
      encoding: UTF-8
      string: |
        <project name="target_project_no_permission">
          <title>The Sun Also Rises</title>
          <description/>
        </project>
    headers:
      Accept-Encoding:
      - gzip;q=1.0,deflate;q=0.6,identity;q=0.3
      Accept:
      - "*/*"
      User-Agent:
      - Ruby
  response:
    status:
      code: 200
      message: OK
    headers:
      Content-Type:
      - text/xml
      Cache-Control:
      - no-cache
      Connection:
      - close
      Content-Length:
      - '123'
    body:
      encoding: UTF-8
      string: |
        <project name="target_project_no_permission">
          <title>The Sun Also Rises</title>
          <description></description>
        </project>
  recorded_at: Tue, 10 Jan 2023 17:15:11 GMT
recorded_with: VCR 6.1.0
